[     632ms] [INFO] %cDownload the React DevTools for a better development experience: https://react.dev/link/react-devtools font-weight:bold @ webpack-internal:///(app-pages-browser)/../../node_modules/.pnpm/next@15.5.19_react-dom@19.2.7_react@19.2.7__react@19.2.7/node_modules/next/dist/compiled/react-dom/cjs/react-dom-client.development.js:25630
[     710ms] [VERBOSE] Rendering was performed in a subtree hidden by content-visibility. @ :3393
[     710ms] [VERBOSE] Rendering was performed in a subtree hidden by content-visibility. @ :3393
[     794ms] [LOG] %c[Vercel Web Analytics]%c Debug mode is enabled by default in development. No requests will be sent to the server. color: rgb(120, 120, 120) color: inherit @ https://va.vercel-scripts.com/v1/script.debug.js:0
[     794ms] [LOG] %c[Vercel Web Analytics]%c Running queued event color: rgb(120, 120, 120) color: inherit pageview {route: /[locale], path: /en} @ https://va.vercel-scripts.com/v1/script.debug.js:0
[     794ms] [LOG] %c[Vercel Web Analytics]%c [view] http://localhost:3000/en color: rgb(120, 120, 120) color: inherit {o: http://localhost:3000/en, sv: 0.1.3, sdkn: @vercel/analytics/next, sdkv: 1.6.1, ts: 1788273502998} /_vercel/insights/view @ https://va.vercel-scripts.com/v1/script.debug.js:0
[   11965ms] [LOG] [Fast Refresh] rebuilding @ webpack-internal:///(app-pages-browser)/../../node_modules/.pnpm/next@15.5.19_react-dom@19.2.7_react@19.2.7__react@19.2.7/node_modules/next/dist/client/dev/hot-reloader/app/hot-reloader-app.js:196
[   12273ms] [LOG] [Fast Refresh] done in 307ms @ webpack-internal:///(app-pages-browser)/../../node_modules/.pnpm/next@15.5.19_react-dom@19.2.7_react@19.2.7__react@19.2.7/node_modules/next/dist/client/dev/report-hmr-latency.js:13
[   40714ms] [LOG] [Fast Refresh] rebuilding @ webpack-internal:///(app-pages-browser)/../../node_modules/.pnpm/next@15.5.19_react-dom@19.2.7_react@19.2.7__react@19.2.7/node_modules/next/dist/client/dev/hot-reloader/app/hot-reloader-app.js:196
[   41179ms] [LOG] [Fast Refresh] done in 465ms @ webpack-internal:///(app-pages-browser)/../../node_modules/.pnpm/next@15.5.19_react-dom@19.2.7_react@19.2.7__react@19.2.7/node_modules/next/dist/client/dev/report-hmr-latency.js:13
[  130785ms] [LOG] [Fast Refresh] rebuilding @ webpack-internal:///(app-pages-browser)/../../node_modules/.pnpm/next@15.5.19_react-dom@19.2.7_react@19.2.7__react@19.2.7/node_modules/next/dist/client/dev/hot-reloader/app/hot-reloader-app.js:196
[  131119ms] [LOG] [Fast Refresh] done in 333ms @ webpack-internal:///(app-pages-browser)/../../node_modules/.pnpm/next@15.5.19_react-dom@19.2.7_react@19.2.7__react@19.2.7/node_modules/next/dist/client/dev/report-hmr-latency.js:13
[  158974ms] [LOG] [Fast Refresh] rebuilding @ webpack-internal:///(app-pages-browser)/../../node_modules/.pnpm/next@15.5.19_react-dom@19.2.7_react@19.2.7__react@19.2.7/node_modules/next/dist/client/dev/hot-reloader/app/hot-reloader-app.js:196
[  159205ms] [LOG] [Fast Refresh] done in 232ms @ webpack-internal:///(app-pages-browser)/../../node_modules/.pnpm/next@15.5.19_react-dom@19.2.7_react@19.2.7__react@19.2.7/node_modules/next/dist/client/dev/report-hmr-latency.js:13
[  199584ms] [LOG] [Fast Refresh] rebuilding @ webpack-internal:///(app-pages-browser)/../../node_modules/.pnpm/next@15.5.19_react-dom@19.2.7_react@19.2.7__react@19.2.7/node_modules/next/dist/client/dev/hot-reloader/app/hot-reloader-app.js:196
[  200223ms] [LOG] [Fast Refresh] done in 639ms @ webpack-internal:///(app-pages-browser)/../../node_modules/.pnpm/next@15.5.19_react-dom@19.2.7_react@19.2.7__react@19.2.7/node_modules/next/dist/client/dev/report-hmr-latency.js:13
[  201092ms] [ERROR] Failed to load resource: the server responded with a status of 500 (Internal Server Error) @ http://localhost:3000/en?_rsc=MtiZ3lPEltlWAJy8:0
[  201490ms] [ERROR] Failed to load resource: the server responded with a status of 500 (Internal Server Error) @ http://localhost:3000/en?_rsc=MtiZ3lPEltlWAJy8:0
[  201898ms] [ERROR] Failed to load resource: the server responded with a status of 500 (Internal Server Error) @ http://localhost:3000/en:0
[  202061ms] [INFO] %cDownload the React DevTools for a better development experience: https://react.dev/link/react-devtools font-weight:bold @ webpack-internal:///(pages-dir-browser)/../../node_modules/.pnpm/react-dom@19.2.7_react@19.2.7/node_modules/react-dom/cjs/react-dom-client.development.js:28004
[  202119ms] Error: Cannot find module './vendor-chunks/next-intl@4.14.2_next@15.5.19_react-dom@19.2.7_react@19.2.7__react@19.2.7__react@19.2.7.js'
Require stack:
- /Users/sunmkim/Dev2026/clyrtraining/clyrtraining-landing/apps/amor/.next/server/webpack-runtime.js
- /Users/sunmkim/Dev2026/clyrtraining/clyrtraining-landing/apps/amor/.next/server/app/[locale]/page.js
- /Users/sunmkim/Dev2026/clyrtraining/clyrtraining-landing/node_modules/.pnpm/next@15.5.19_react-dom@19.2.7_react@19.2.7__react@19.2.7/node_modules/next/dist/server/require.js
- /Users/sunmkim/Dev2026/clyrtraining/clyrtraining-landing/node_modules/.pnpm/next@15.5.19_react-dom@19.2.7_react@19.2.7__react@19.2.7/node_modules/next/dist/server/load-components.js
- /Users/sunmkim/Dev2026/clyrtraining/clyrtraining-landing/node_modules/.pnpm/next@15.5.19_react-dom@19.2.7_react@19.2.7__react@19.2.7/node_modules/next/dist/build/utils.js
- /Users/sunmkim/Dev2026/clyrtraining/clyrtraining-landing/node_modules/.pnpm/next@15.5.19_react-dom@19.2.7_react@19.2.7__react@19.2.7/node_modules/next/dist/server/dev/static-paths-worker.js
- /Users/sunmkim/Dev2026/clyrtraining/clyrtraining-landing/node_modules/.pnpm/next@15.5.19_react-dom@19.2.7_react@19.2.7__react@19.2.7/node_modules/next/dist/compiled/jest-worker/processChild.js
    at Module.<anonymous> (node:internal/modules/cjs/loader:1456:15)
    at <unknown> (file:///Users/sunmkim/Dev2026/clyrtraining/clyrtraining-landing/node_modules/.pnpm/next@15.5.19_react-dom@19.2.7_react@19.2.7__react@19.2.7/node_modules/next/dist/server/require-hook.js:57:36)
    at defaultResolveImpl (node:internal/modules/cjs/loader:1066:19)
    at resolveForCJSWithHooks (node:internal/modules/cjs/loader:1071:22)
    at Module._load (node:internal/modules/cjs/loader:1242:25)
    at wrapModuleLoad (node:internal/modules/cjs/loader:255:19)
    at Module.<anonymous> (node:internal/modules/cjs/loader:1556:12)
    at mod.require (file:///Users/sunmkim/Dev2026/clyrtraining/clyrtraining-landing/node_modules/.pnpm/next@15.5.19_react-dom@19.2.7_react@19.2.7__react@19.2.7/node_modules/next/dist/server/require-hook.js:68:28)
    at require (node:internal/modules/helpers:152:16)
    at __webpack_require__.f.require (file:///Users/sunmkim/Dev2026/clyrtraining/clyrtraining-landing/apps/amor/.next/server/webpack-runtime.js:195:28)
[  202119ms] [LOG] [HMR] connected @ webpack-internal:///(pages-dir-browser)/../../node_modules/.pnpm/next@15.5.19_react-dom@19.2.7_react@19.2.7__react@19.2.7/node_modules/next/dist/client/dev/hot-reloader/pages/websocket.js:45
[  202321ms] [ERROR] Failed to load resource: the server responded with a status of 500 (Internal Server Error) @ http://localhost:3000/favicon.ico:0
[  409511ms] [LOG] [Fast Refresh] rebuilding @ webpack-internal:///(pages-dir-browser)/../../node_modules/.pnpm/next@15.5.19_react-dom@19.2.7_react@19.2.7__react@19.2.7/node_modules/next/dist/client/dev/hot-reloader/pages/hot-reloader-pages.js:206
[  409802ms] [WARNING] [Fast Refresh] performing full reload because your application had an unrecoverable error @ webpack-internal:///(pages-dir-browser)/../../node_modules/.pnpm/next@15.5.19_react-dom@19.2.7_react@19.2.7__react@19.2.7/node_modules/next/dist/client/dev/hot-reloader/pages/hot-reloader-pages.js:347
[  411388ms] [INFO] %cDownload the React DevTools for a better development experience: https://react.dev/link/react-devtools font-weight:bold @ webpack-internal:///(app-pages-browser)/../../node_modules/.pnpm/next@15.5.19_react-dom@19.2.7_react@19.2.7__react@19.2.7/node_modules/next/dist/compiled/react-dom/cjs/react-dom-client.development.js:25630
[  411495ms] [LOG] %c[Vercel Web Analytics]%c Debug mode is enabled by default in development. No requests will be sent to the server. color: rgb(120, 120, 120) color: inherit @ https://va.vercel-scripts.com/v1/script.debug.js:0
[  411495ms] [LOG] %c[Vercel Web Analytics]%c Running queued event color: rgb(120, 120, 120) color: inherit pageview {route: /[locale], path: /en} @ https://va.vercel-scripts.com/v1/script.debug.js:0
[  411495ms] [LOG] %c[Vercel Web Analytics]%c [view] http://localhost:3000/en color: rgb(120, 120, 120) color: inherit {o: http://localhost:3000/en, sv: 0.1.3, sdkn: @vercel/analytics/next, sdkv: 1.6.1, ts: 1788273913698} /_vercel/insights/view @ https://va.vercel-scripts.com/v1/script.debug.js:0
[  528961ms] [LOG] [Fast Refresh] rebuilding @ webpack-internal:///(app-pages-browser)/../../node_modules/.pnpm/next@15.5.19_react-dom@19.2.7_react@19.2.7__react@19.2.7/node_modules/next/dist/client/dev/hot-reloader/app/hot-reloader-app.js:196
[  529215ms] [ERROR] Failed to load resource: the server responded with a status of 404 (Not Found) @ http://localhost:3000/_next/static/webpack/40dc528c760aa0c6.webpack.hot-update.json:0
[  530001ms] [ERROR] Failed to load resource: the server responded with a status of 500 (Internal Server Error) @ http://localhost:3000/en:0
[  530639ms] [INFO] %cDownload the React DevTools for a better development experience: https://react.dev/link/react-devtools font-weight:bold @ webpack-internal:///(app-pages-browser)/../../node_modules/.pnpm/next@15.5.19_react-dom@19.2.7_react@19.2.7__react@19.2.7/node_modules/next/dist/compiled/react-dom/cjs/react-dom-client.development.js:25630
[  530805ms] ReferenceError: englishCareerItems is not defined
    at CareerPanel (webpack-internal:///(app-pages-browser)/./app/components/home/coach-section.tsx:33:37)
    at Object.react_stack_bottom_frame (webpack-internal:///(app-pages-browser)/../../node_modules/.pnpm/next@15.5.19_react-dom@19.2.7_react@19.2.7__react@19.2.7/node_modules/next/dist/compiled/react-dom/cjs/react-dom-client.development.js:23584:20)
    at renderWithHooks (webpack-internal:///(app-pages-browser)/../../node_modules/.pnpm/next@15.5.19_react-dom@19.2.7_react@19.2.7__react@19.2.7/node_modules/next/dist/compiled/react-dom/cjs/react-dom-client.development.js:6793:22)
    at updateFunctionComponent (webpack-internal:///(app-pages-browser)/../../node_modules/.pnpm/next@15.5.19_react-dom@19.2.7_react@19.2.7__react@19.2.7/node_modules/next/dist/compiled/react-dom/cjs/react-dom-client.development.js:9247:19)
    at beginWork (webpack-internal:///(app-pages-browser)/../../node_modules/.pnpm/next@15.5.19_react-dom@19.2.7_react@19.2.7__react@19.2.7/node_modules/next/dist/compiled/react-dom/cjs/react-dom-client.development.js:10858:18)
    at runWithFiberInDEV (webpack-internal:///(app-pages-browser)/../../node_modules/.pnpm/next@15.5.19_react-dom@19.2.7_react@19.2.7__react@19.2.7/node_modules/next/dist/compiled/react-dom/cjs/react-dom-client.development.js:872:30)
    at performUnitOfWork (webpack-internal:///(app-pages-browser)/../../node_modules/.pnpm/next@15.5.19_react-dom@19.2.7_react@19.2.7__react@19.2.7/node_modules/next/dist/compiled/react-dom/cjs/react-dom-client.development.js:15727:22)
    at workLoopSync (webpack-internal:///(app-pages-browser)/../../node_modules/.pnpm/next@15.5.19_react-dom@19.2.7_react@19.2.7__react@19.2.7/node_modules/next/dist/compiled/react-dom/cjs/react-dom-client.development.js:15547:41)
    at renderRootSync (webpack-internal:///(app-pages-browser)/../../node_modules/.pnpm/next@15.5.19_react-dom@19.2.7_react@19.2.7__react@19.2.7/node_modules/next/dist/compiled/react-dom/cjs/react-dom-client.development.js:15527:11)
    at performWorkOnRoot (webpack-internal:///(app-pages-browser)/../../node_modules/.pnpm/next@15.5.19_react-dom@19.2.7_react@19.2.7__react@19.2.7/node_modules/next/dist/compiled/react-dom/cjs/react-dom-client.development.js:15034:44)
    at performWorkOnRootViaSchedulerTask (webpack-internal:///(app-pages-browser)/../../node_modules/.pnpm/next@15.5.19_react-dom@19.2.7_react@19.2.7__react@19.2.7/node_modules/next/dist/compiled/react-dom/cjs/react-dom-client.development.js:16816:7)
    at MessagePort.performWorkUntilDeadline (webpack-internal:///(app-pages-browser)/../../node_modules/.pnpm/next@15.5.19_react-dom@19.2.7_react@19.2.7__react@19.2.7/node_modules/next/dist/compiled/scheduler/cjs/scheduler.development.js:45:48)
[  531146ms] [ERROR] Failed to load resource: the server responded with a status of 404 (Not Found) @ http://localhost:3000/favicon.ico:0
[  534173ms] [WARNING] The resource http://localhost:3000/_next/static/css/app/%5Blocale%5D/layout.css?v=1788274031804 was preloaded using link preload but not used within a few seconds from the window's load event. Please make sure it has an appropriate `as` value and it is preloaded intentionally. @ http://localhost:3000/en:0
[  548965ms] [WARNING] The resource http://localhost:3000/_next/static/css/app/%5Blocale%5D/layout.css?v=1788274031804 was preloaded using link preload but not used within a few seconds from the window's load event. Please make sure it has an appropriate `as` value and it is preloaded intentionally. @ http://localhost:3000/en:0
[  559873ms] [LOG] [Fast Refresh] rebuilding @ webpack-internal:///(app-pages-browser)/../../node_modules/.pnpm/next@15.5.19_react-dom@19.2.7_react@19.2.7__react@19.2.7/node_modules/next/dist/client/dev/hot-reloader/app/hot-reloader-app.js:196
[  560043ms] [ERROR] Failed to load resource: the server responded with a status of 404 (Not Found) @ http://localhost:3000/_next/static/webpack/e4d431bda0079a88.webpack.hot-update.json:0
[  560043ms] [WARNING] [Fast Refresh] performing full reload because your application had an unrecoverable error @ webpack-internal:///(app-pages-browser)/../../node_modules/.pnpm/next@15.5.19_react-dom@19.2.7_react@19.2.7__react@19.2.7/node_modules/next/dist/client/dev/hot-reloader/app/hot-reloader-app.js:113
[  560089ms] [LOG] [Fast Refresh] rebuilding @ webpack-internal:///(app-pages-browser)/../../node_modules/.pnpm/next@15.5.19_react-dom@19.2.7_react@19.2.7__react@19.2.7/node_modules/next/dist/client/dev/hot-reloader/app/hot-reloader-app.js:196
[  560279ms] [WARNING] [Fast Refresh] performing full reload because your application had an unrecoverable error @ webpack-internal:///(app-pages-browser)/../../node_modules/.pnpm/next@15.5.19_react-dom@19.2.7_react@19.2.7__react@19.2.7/node_modules/next/dist/client/dev/hot-reloader/app/hot-reloader-app.js:113
[  560831ms] [ERROR] Failed to load resource: the server responded with a status of 404 (Not Found) @ http://localhost:3000/en:0
[  561622ms] [INFO] %cDownload the React DevTools for a better development experience: https://react.dev/link/react-devtools font-weight:bold @ webpack-internal:///(app-pages-browser)/../../node_modules/.pnpm/next@15.5.19_react-dom@19.2.7_react@19.2.7__react@19.2.7/node_modules/next/dist/compiled/react-dom/cjs/react-dom-client.development.js:25630
